// Jest Snapshot v1, https://goo.gl/fbAQLP

exports[`<Cart/> renders and matches snapshot 1`] = `
<header>
  <CloseButton
    onClick={[Function]}
    title="close"
  >
    <button
      className="CloseButton-sc-1hunzbu-0 htvFTC"
      onClick={[Function]}
      title="close"
    >
      Ã—
    </button>
  </CloseButton>
  <Supreme>
    <h3
      className="Supreme-sc-15pcq4t-0 llOPYm"
    >
      Miss Coleman Berge
      's Cart
    </h3>
  </Supreme>
  <p>
    You Have 
    1
     Item
     in your cart
  </p>
</header>
`;
