// Jest Snapshot v1, https://goo.gl/fbAQLP

exports[`<CreateItem /> renders and matches snapshot 1`] = `
<form
  className="Form-sc-16eu58y-0 kdiGKW"
  data-test="form"
  onSubmit={[Function]}
>
  <DisplayError
    error={Object {}}
  />
  <fieldset
    aria-busy={false}
    disabled={false}
  >
    <label
      htmlFor="file"
    >
      Image
      <input
        id="file"
        name="file"
        onChange={[Function]}
        placeholder="Upload an Image"
        required={true}
        type="file"
      />
    </label>
    <label
      htmlFor="title"
    >
      Title
      <input
        id="title"
        name="title"
        onChange={[Function]}
        placeholder="Title"
        required={true}
        type="text"
        value=""
      />
    </label>
    <label
      htmlFor="title"
    >
      Price 
      <input
        id="price"
        name="price"
        onChange={[Function]}
        placeholder="Price"
        required={true}
        type="number"
        value={0}
      />
    </label>
    <label
      htmlFor="title"
    >
      Description
      <textarea
        id="description"
        name="description"
        onChange={[Function]}
        placeholder="Description"
        required={true}
        type="text"
        value=""
      />
    </label>
    <button
      type="submit"
    >
      Create Item
    </button>
  </fieldset>
</form>
`;
