// Jest Snapshot v1, https://goo.gl/fbAQLP

exports[`<RemoveFromCart /> renders and matches snapshot 1`] = `
<button
  className="RemoveFromCart__BigButton-sc-190dfmz-0 idHHyJ"
  disabled={false}
  onClick={[Function]}
  role="button"
  title="Delete Item"
>
  Ã—
</button>
`;
